INFO:root:Succeeded to open the port
INFO:root:Succeeded to change the baudrate
INFO:root:Dynamixel 1 has been successfully connected
INFO:root:Dynamixel 2 has been successfully connected
INFO:root:Dynamixel 3 has been successfully connected
INFO:root:Profile Velocity changed successfully
INFO:root:Profile Velocity changed successfully
INFO:root:Profile Velocity changed successfully
INFO:root:setting servo positions to 1: 45, 2: 45, 3: 45 deg
INFO:root:points generated, delta object created
INFO:root:comm threads started
INFO:root:listening on port 5002...
INFO:root:Connection established, receiving data...
INFO:root:received move:-8,10,-20 from ('10.6.1.26', 61288)
INFO:root:setting servo goal velocities to 1: 7.99, 2: -42.05, 3: -147.81 deg/sec
INFO:root:setting servo goal velocities to 1: 6, 2: 31, 3: 108 pulse
INFO:root:setting servo positions to 1: 49.3, 2: 22.1, 3: -34.51 deg
INFO:root:Connection established, receiving data...
INFO:root:received home: from ('10.6.1.26', 61289)
INFO:root:setting servo positions to 1: 45, 2: 45, 3: 45 deg
INFO:root:Connection established, receiving data...
INFO:root:received move:-8,10,-20 from ('10.6.1.26', 61290)
INFO:root:setting servo goal velocities to 1: 7.83, 2: -41.92, 3: -147.91 deg/sec
INFO:root:setting servo goal velocities to 1: 6, 2: 31, 3: 108 pulse
INFO:root:setting servo positions to 1: 49.3, 2: 22.1, 3: -34.51 deg
INFO:root:Connection established, receiving data...
INFO:root:received home: from ('10.6.1.26', 61293)
INFO:root:setting servo positions to 1: 45, 2: 45, 3: 45 deg
INFO:root:Connection established, receiving data...
INFO:root:received move:-8,10,-20 from ('10.6.1.26', 61294)
INFO:root:setting servo goal velocities to 1: 7.82, 2: -42.03, 3: -147.91 deg/sec
INFO:root:setting servo goal velocities to 1: 6, 2: 31, 3: 108 pulse
INFO:root:setting servo positions to 1: 49.3, 2: 22.1, 3: -34.51 deg
INFO:root:Connection established, receiving data...
INFO:root:received home: from ('10.6.1.26', 61296)
INFO:root:setting servo positions to 1: 45, 2: 45, 3: 45 deg
INFO:root:Connection established, receiving data...
INFO:root:received move:-8,10,-20 from ('10.6.1.26', 61297)
INFO:root:setting servo goal velocities to 1: 7.82, 2: -42.03, 3: -147.91 deg/sec
INFO:root:setting servo goal velocities to 1: 6, 2: 31, 3: 108 pulse
INFO:root:setting servo positions to 1: 49.3, 2: 22.1, 3: -34.51 deg
INFO:root:Connection established, receiving data...
INFO:root:received home: from ('10.6.1.26', 61298)
INFO:root:setting servo positions to 1: 45, 2: 45, 3: 45 deg
INFO:root:Connection established, receiving data...
INFO:root:received move:-8,10,-20 from ('10.6.1.26', 61299)
INFO:root:setting servo goal velocities to 1: 7.82, 2: -42.03, 3: -147.91 deg/sec
INFO:root:setting servo goal velocities to 1: 6, 2: 31, 3: 108 pulse
INFO:root:setting servo positions to 1: 49.3, 2: 22.1, 3: -34.51 deg
INFO:root:Connection established, receiving data...
INFO:root:received home: from ('10.6.1.26', 61301)
INFO:root:setting servo positions to 1: 45, 2: 45, 3: 45 deg
INFO:root:Connection established, receiving data...
INFO:root:received move:-8,10,-20 from ('10.6.1.26', 61302)
INFO:root:setting servo goal velocities to 1: 7.82, 2: -42.03, 3: -147.91 deg/sec
INFO:root:setting servo goal velocities to 1: 6, 2: 31, 3: 108 pulse
INFO:root:setting servo positions to 1: 49.3, 2: 22.1, 3: -34.51 deg
INFO:root:Connection established, receiving data...
INFO:root:received kill: from ('10.6.1.26', 61309)
INFO:root:Kill command received...shutting down comms
INFO:root:updating property: commRunning to: False
INFO:root:Program finished...
INFO:root:Dynamixel 1 torque has been successfully disabled
INFO:root:Dynamixel 2 torque has been successfully disabled
INFO:root:Dynamixel 3 torque has been successfully disabled
INFO:root:Succeeded to open the port
INFO:root:Succeeded to change the baudrate
INFO:root:Dynamixel 1 has been successfully connected
INFO:root:Dynamixel 2 has been successfully connected
INFO:root:Dynamixel 3 has been successfully connected
INFO:root:Profile Velocity changed successfully
INFO:root:Profile Velocity changed successfully
INFO:root:Profile Velocity changed successfully
INFO:root:setting servo positions to 1: 45, 2: 45, 3: 45 deg
INFO:root:points generated, delta object created
INFO:root:comm threads started
INFO:root:listening on port 5002...
INFO:root:Connection established, receiving data...
INFO:root:received move:5,-9,-19 from ('10.6.1.26', 58214)
INFO:root:setting servo goal velocities to 1: -178.69, 2: -94.52, 3: -23.56 deg/sec
INFO:root:setting servo goal velocities to 1: 130, 2: 69, 3: 17 pulse
INFO:root:setting servo positions to 1: -43.41, 2: -2.26, 3: 32.45 deg
WARNING:root:servos have not met goal positions in time :(
INFO:root:Connection established, receiving data...
INFO:root:received home: from ('10.6.1.26', 50164)
INFO:root:setting servo positions to 1: 45, 2: 45, 3: 45 deg
INFO:root:Connection established, receiving data...
INFO:root:received move:5,-9,-19 from ('10.6.1.26', 50165)
INFO:root:setting servo goal velocities to 1: -178.6, 2: -94.3, 3: -23.37 deg/sec
INFO:root:setting servo goal velocities to 1: 130, 2: 69, 3: 17 pulse
INFO:root:setting servo positions to 1: -43.41, 2: -2.26, 3: 32.45 deg
INFO:root:Connection established, receiving data...
INFO:root:received home: from ('10.6.1.26', 50166)
INFO:root:setting servo positions to 1: 45, 2: 45, 3: 45 deg
INFO:root:Connection established, receiving data...
INFO:root:received move:5,-9,-19 from ('10.6.1.26', 50167)
INFO:root:setting servo goal velocities to 1: -178.7, 2: -94.62, 3: -23.59 deg/sec
INFO:root:setting servo goal velocities to 1: 130, 2: 69, 3: 17 pulse
INFO:root:setting servo positions to 1: -43.41, 2: -2.26, 3: 32.45 deg
INFO:root:Connection established, receiving data...
INFO:root:received home: from ('10.6.1.26', 50168)
INFO:root:setting servo positions to 1: 45, 2: 45, 3: 45 deg
INFO:root:Connection established, receiving data...
INFO:root:received move:5,-9,-19 from ('10.6.1.26', 50170)
INFO:root:setting servo goal velocities to 1: -178.69, 2: -94.52, 3: -23.56 deg/sec
INFO:root:setting servo goal velocities to 1: 130, 2: 69, 3: 17 pulse
INFO:root:setting servo positions to 1: -43.41, 2: -2.26, 3: 32.45 deg
INFO:root:Connection established, receiving data...
INFO:root:received home: from ('10.6.1.26', 50172)
INFO:root:setting servo positions to 1: 45, 2: 45, 3: 45 deg
INFO:root:Connection established, receiving data...
INFO:root:received move:5,-9,-19 from ('10.6.1.26', 50173)
INFO:root:setting servo goal velocities to 1: -178.58, 2: -94.56, 3: -23.4 deg/sec
INFO:root:setting servo goal velocities to 1: 130, 2: 69, 3: 17 pulse
INFO:root:setting servo positions to 1: -43.41, 2: -2.26, 3: 32.45 deg
WARNING:root:servos have not met goal positions in time :(
INFO:root:Connection established, receiving data...
INFO:root:received home: from ('10.6.1.26', 50174)
INFO:root:setting servo positions to 1: 45, 2: 45, 3: 45 deg
INFO:root:Connection established, receiving data...
INFO:root:received move:5,-9,-19 from ('10.6.1.26', 50175)
INFO:root:setting servo goal velocities to 1: -178.61, 2: -94.4, 3: -23.4 deg/sec
INFO:root:setting servo goal velocities to 1: 130, 2: 69, 3: 17 pulse
INFO:root:setting servo positions to 1: -43.41, 2: -2.26, 3: 32.45 deg
INFO:root:Connection established, receiving data...
INFO:root:received home: from ('10.6.1.26', 50176)
INFO:root:setting servo positions to 1: 45, 2: 45, 3: 45 deg
INFO:root:Connection established, receiving data...
INFO:root:received move:-10,-9,-19 from ('10.6.1.26', 59120)
INFO:root:setting servo goal velocities to 1: -127.66, 2: 20.32, 3: -89.69 deg/sec
INFO:root:setting servo goal velocities to 1: 93, 2: 15, 3: 65 pulse
INFO:root:setting servo positions to 1: -28.69, 2: 56.15, 3: -7.6 deg
INFO:root:Connection established, receiving data...
INFO:root:received home: from ('10.6.1.26', 54272)
INFO:root:setting servo positions to 1: 45, 2: 45, 3: 45 deg
INFO:root:Connection established, receiving data...
INFO:root:received move:-10,-9,-19 from ('10.6.1.26', 51253)
INFO:root:setting servo goal velocities to 1: -128.07, 2: 19.79, 3: -89.94 deg/sec
INFO:root:setting servo goal velocities to 1: 93, 2: 14, 3: 65 pulse
INFO:root:setting servo positions to 1: -28.69, 2: 56.15, 3: -7.6 deg
WARNING:root:servos have not met goal positions in time :(
INFO:root:Connection established, receiving data...
INFO:root:received kill: from ('10.6.1.26', 50814)
INFO:root:Kill command received...shutting down comms
INFO:root:updating property: commRunning to: False
INFO:root:Program finished...
INFO:root:Dynamixel 1 torque has been successfully disabled
INFO:root:Dynamixel 2 torque has been successfully disabled
INFO:root:Dynamixel 3 torque has been successfully disabled
INFO:root:Succeeded to open the port
INFO:root:Succeeded to change the baudrate
INFO:root:Dynamixel 1 has been successfully connected
INFO:root:Dynamixel 2 has been successfully connected
INFO:root:Dynamixel 3 has been successfully connected
INFO:root:Profile Velocity changed successfully
INFO:root:Profile Velocity changed successfully
INFO:root:Profile Velocity changed successfully
INFO:root:setting servo positions to 1: 45, 2: 45, 3: 45 deg
INFO:root:points generated, delta object created
INFO:root:comm threads started
INFO:root:listening on port 5002...
INFO:root:Connection established, receiving data...
INFO:root:received move:8,-10,-18 from ('10.6.1.26', 62512)
INFO:root:setting servo goal velocities to 1: -154.8, 2: -90.91, 3: 4.67 deg/sec
INFO:root:setting servo goal velocities to 1: 113, 2: 66, 3: 3 pulse
INFO:root:setting servo positions to 1: -45.39, 2: -8.26, 3: 46.81 deg
WARNING:root:servos have not met goal positions in time :(
INFO:root:Connection established, receiving data...
INFO:root:received home: from ('10.6.1.26', 62515)
INFO:root:setting servo positions to 1: 45, 2: 45, 3: 45 deg
INFO:root:Connection established, receiving data...
INFO:root:received move:8,-10,-18 from ('10.6.1.26', 62516)
INFO:root:setting servo goal velocities to 1: -155.38, 2: -90.71, 3: 4.07 deg/sec
INFO:root:setting servo goal velocities to 1: 113, 2: 66, 3: 3 pulse
INFO:root:setting servo positions to 1: -45.39, 2: -8.26, 3: 46.81 deg
INFO:root:Connection established, receiving data...
INFO:root:received home: from ('10.6.1.26', 62517)
INFO:root:setting servo positions to 1: 45, 2: 45, 3: 45 deg
INFO:root:Connection established, receiving data...
INFO:root:received move:8,-10,-18 from ('10.6.1.26', 62518)
INFO:root:setting servo goal velocities to 1: -155.48, 2: -90.77, 3: 3.92 deg/sec
INFO:root:setting servo goal velocities to 1: 113, 2: 66, 3: 3 pulse
INFO:root:setting servo positions to 1: -45.39, 2: -8.26, 3: 46.81 deg
INFO:root:Connection established, receiving data...
INFO:root:received home: from ('10.6.1.26', 62521)
INFO:root:setting servo positions to 1: 45, 2: 45, 3: 45 deg
INFO:root:Connection established, receiving data...
INFO:root:received move:8,-10,-18 from ('10.6.1.26', 52716)
INFO:root:setting servo goal velocities to 1: -155.36, 2: -90.78, 3: 4.08 deg/sec
INFO:root:setting servo goal velocities to 1: 113, 2: 66, 3: 3 pulse
INFO:root:setting servo positions to 1: -45.39, 2: -8.26, 3: 46.81 deg
WARNING:root:servos have not met goal positions in time :(
INFO:root:Connection established, receiving data...
INFO:root:received kill: from ('10.6.1.26', 58320)
INFO:root:Kill command received...shutting down comms
INFO:root:updating property: commRunning to: False
INFO:root:Program finished...
INFO:root:Dynamixel 1 torque has been successfully disabled
INFO:root:Dynamixel 2 torque has been successfully disabled
INFO:root:Dynamixel 3 torque has been successfully disabled
